******************************************************************************
                  TI ARM Linker PC v18.1.3                     
******************************************************************************
>> Linked Tue Dec  4 03:50:27 2018

OUTPUT FILE NAME:   <UART_Project.out>
ENTRY POINT SYMBOL: "_c_int00_noargs"  address: 00000c7d


MEMORY CONFIGURATION

         name            origin    length      used     unused   attr    fill
----------------------  --------  ---------  --------  --------  ----  --------
  MAIN                  00000000   00040000  00000d55  0003f2ab  R  X
  INFO                  00200000   00004000  00000000  00004000  R  X
  SRAM_CODE             01000000   00010000  00000000  00010000  RW X
  SRAM_DATA             20000000   00010000  00001ab8  0000e548  RW  


SEGMENT ALLOCATION MAP

run origin  load origin   length   init length attrs members
----------  ----------- ---------- ----------- ----- -------
00000000    00000000    00000d58   00000d58    r-x
  00000000    00000000    000000e4   000000e4    r-- .intvecs
  000000e4    000000e4    00000c18   00000c18    r-x .text
  00000cfc    00000cfc    00000019   00000019    r-- .const
  00000d18    00000d18    00000040   00000040    r-- .cinit
20000000    20000000    000018b8   00000000    rw-
  20000000    20000000    00001090   00000000    rw- .bss
  20001090    20001090    00000800   00000000    rw- .sysmem
  20001890    20001890    00000028   00000000    rw- .data
2000fe00    2000fe00    00000200   00000000    rw-
  2000fe00    2000fe00    00000200   00000000    rw- .stack


SECTION ALLOCATION MAP

 output                                  attributes/
section   page    origin      length       input sections
--------  ----  ----------  ----------   ----------------
.intvecs   0    00000000    000000e4     
                  00000000    000000e4     startup_msp432p401r_ccs.obj (.intvecs:retain)

.text      0    000000e4    00000c18     
                  000000e4    0000037c     UART_Driver.obj (.text)
                  00000460    00000328     system_msp432p401r.obj (.text)
                  00000788    000002a8     MSPIO.obj (.text)
                  00000a30    0000009c     rtsv7M4_T_le_v4SPD16_eabi.lib : memcpy_t2.asm.obj (.text)
                  00000acc    00000088     main.obj (.text)
                  00000b54    0000007a     rtsv7M4_T_le_v4SPD16_eabi.lib : memset_t2.asm.obj (.text)
                  00000bce    00000068                                   : copy_decompress_lzss.c.obj (.text:decompress:lzss:__TI_decompress_lzss)
                  00000c36    00000002     --HOLE-- [fill = 0]
                  00000c38    00000044                                   : autoinit.c.obj (.text:__TI_auto_init_nobinit_nopinit:__TI_auto_init_nobinit_nopinit)
                  00000c7c    00000038                                   : boot_cortex_m.c.obj (.text:_c_int00_noargs:_c_int00_noargs)
                  00000cb4    00000018     msp432p4xx_driverlib.lib : wdt_a.o (.text:WDT_A_holdTimer)
                  00000ccc    0000000e     rtsv7M4_T_le_v4SPD16_eabi.lib : copy_decompress_none.c.obj (.text:decompress:none:__TI_decompress_none)
                  00000cda    0000000e     startup_msp432p401r_ccs.obj (.text)
                  00000ce8    0000000c     rtsv7M4_T_le_v4SPD16_eabi.lib : copy_zero_init.c.obj (.text:decompress:ZI:__TI_zero_init)
                  00000cf4    00000004                                   : pre_init.c.obj (.text:_system_pre_init)
                  00000cf8    00000004                                   : exit.c.obj (.text:abort:abort)

.const     0    00000cfc    00000019     
                  00000cfc    00000019     main.obj (.const:.string:$P$T0$1)

.cinit     0    00000d18    00000040     
                  00000d18    0000001b     (.cinit..data.load) [load image, compression = lzss]
                  00000d33    00000001     --HOLE-- [fill = 0]
                  00000d34    0000000c     (__TI_handler_table)
                  00000d40    00000008     (.cinit..bss.load) [load image, compression = zero_init]
                  00000d48    00000010     (__TI_cinit_table)

.init_array 
*          0    00000000    00000000     UNINITIALIZED

.bss       0    20000000    00001090     UNINITIALIZED
                  20000000    00000800     (.common:UARTA1Data)
                  20000800    00000800     (.common:UARTA2Data)
                  20001000    00000080     (.common:Buffer)
                  20001080    00000004     (.common:UARTA1ReadIndex)
                  20001084    00000004     (.common:UARTA1WriteIndex)
                  20001088    00000004     (.common:UARTA2ReadIndex)
                  2000108c    00000004     (.common:UARTA2WriteIndex)

.sysmem    0    20001090    00000800     UNINITIALIZED
                  20001090    00000008     rtsv7M4_T_le_v4SPD16_eabi.lib : memory.c.obj (.sysmem)
                  20001098    000007f8     --HOLE--

.data      0    20001890    00000028     UNINITIALIZED
                  20001890    00000024     main.obj (.data:UART2Config)
                  200018b4    00000004     system_msp432p401r.obj (.data)

.stack     0    2000fe00    00000200     UNINITIALIZED
                  2000fe00    00000004     rtsv7M4_T_le_v4SPD16_eabi.lib : boot_cortex_m.c.obj (.stack)
                  2000fe04    000001fc     --HOLE--

MODULE SUMMARY

       Module                        code   ro data   rw data
       ------                        ----   -------   -------
    .\
       UART_Driver.obj               892    0         4112   
       system_msp432p401r.obj        808    0         4      
       MSPIO.obj                     680    0         0      
       main.obj                      136    25        164    
       startup_msp432p401r_ccs.obj   14     228       0      
    +--+-----------------------------+------+---------+---------+
       Total:                        2530   253       4280   
                                                             
    C:/ti/msp/MSP432Ware_3_50_00_02/driverlib/driverlib/MSP432P4xx/ccs/msp432p4xx_driverlib.lib
       wdt_a.o                       24     0         0      
    +--+-----------------------------+------+---------+---------+
       Total:                        24     0         0      
                                                             
    C:\ti\ccsv8\tools\compiler\ti-cgt-arm_18.1.3.LTS\lib\rtsv7M4_T_le_v4SPD16_eabi.lib
       memcpy_t2.asm.obj             156    0         0      
       memset_t2.asm.obj             122    0         0      
       copy_decompress_lzss.c.obj    104    0         0      
       autoinit.c.obj                68     0         0      
       boot_cortex_m.c.obj           56     0         0      
       copy_decompress_none.c.obj    14     0         0      
       copy_zero_init.c.obj          12     0         0      
       exit.c.obj                    4      0         0      
       pre_init.c.obj                4      0         0      
    +--+-----------------------------+------+---------+---------+
       Total:                        540    0         0      
                                                             
       Heap:                         0      0         2048   
       Stack:                        0      0         512    
       Linker Generated:             0      63        0      
    +--+-----------------------------+------+---------+---------+
       Grand Total:                  3094   316       6840   


LINKER GENERATED COPY TABLES

__TI_cinit_table @ 00000d48 records: 2, size/record: 8, table size: 16
	.data: load addr=00000d18, load size=0000001b bytes, run addr=20001890, run size=00000028 bytes, compression=lzss
	.bss: load addr=00000d40, load size=00000008 bytes, run addr=20000000, run size=00001090 bytes, compression=zero_init


LINKER GENERATED HANDLER TABLE

__TI_handler_table @ 00000d34 records: 3, size/record: 4, table size: 12
	index: 0, handler: __TI_decompress_lzss
	index: 1, handler: __TI_decompress_none
	index: 2, handler: __TI_zero_init


GLOBAL SYMBOLS: SORTED ALPHABETICALLY BY Name 

address   name                          
-------   ----                          
00000ce7  ADC14_IRQHandler              
00000ce7  AES256_IRQHandler             
20001000  Buffer                        
00000ce7  BusFault_Handler              
00000cf9  C$$EXIT                       
00000ce7  COMP_E0_IRQHandler            
00000ce7  COMP_E1_IRQHandler            
00000ce7  CS_IRQHandler                 
00000ce7  DMA_ERR_IRQHandler            
00000ce7  DMA_INT0_IRQHandler           
00000ce7  DMA_INT1_IRQHandler           
00000ce7  DMA_INT2_IRQHandler           
00000ce7  DMA_INT3_IRQHandler           
00000ce7  DebugMon_Handler              
00000ce7  Default_Handler               
00000ce7  EUSCIA0_IRQHandler            
00000347  EUSCIA1_IRQHandler            
00000347  EUSCIA1_IRQHandler            
000003cd  EUSCIA2_IRQHandler            
000003cd  EUSCIA2_IRQHandler            
00000ce7  EUSCIA3_IRQHandler            
00000ce7  EUSCIB0_IRQHandler            
00000ce7  EUSCIB1_IRQHandler            
00000ce7  EUSCIB2_IRQHandler            
00000ce7  EUSCIB3_IRQHandler            
00000ce7  FLCTL_IRQHandler              
00000ce7  FPU_IRQHandler                
00000ce7  HardFault_Handler             
00000905  MSPgets                       
000009ad  MSPgets2                      
0000084b  MSPrintf                      
00000ce7  MemManage_Handler             
00000ce7  NMI_Handler                   
00000ce7  PCM_IRQHandler                
00000ce7  PORT1_IRQHandler              
00000ce7  PORT2_IRQHandler              
00000ce7  PORT3_IRQHandler              
00000ce7  PORT4_IRQHandler              
00000ce7  PORT5_IRQHandler              
00000ce7  PORT6_IRQHandler              
00000ce7  PSS_IRQHandler                
00000ce7  PendSV_Handler                
00000789  PrintChar                     
000007bf  PrintInteger                  
0000079d  PrintString                   
00000ce7  RTC_C_IRQHandler              
00000cdb  Reset_Handler                 
00000ce7  SVC_Handler                   
00000ce7  SysTick_Handler               
200018b4  SystemCoreClock               
00000461  SystemCoreClockUpdate         
000006d5  SystemInit                    
00000ce7  T32_INT1_IRQHandler           
00000ce7  T32_INT2_IRQHandler           
00000ce7  T32_INTC_IRQHandler           
00000ce7  TA0_0_IRQHandler              
00000ce7  TA0_N_IRQHandler              
00000ce7  TA1_0_IRQHandler              
00000ce7  TA1_N_IRQHandler              
00000ce7  TA2_0_IRQHandler              
00000ce7  TA2_N_IRQHandler              
00000ce7  TA3_0_IRQHandler              
00000ce7  TA3_N_IRQHandler              
20001890  UART2Config                   
20000000  UARTA1Data                    
20001080  UARTA1ReadIndex               
20001084  UARTA1WriteIndex              
20000800  UARTA2Data                    
20001088  UARTA2ReadIndex               
2000108c  UARTA2WriteIndex              
000002db  UART_Available                
00000313  UART_Flush                    
000000e5  UART_Init                     
000001e3  UART_Read                     
000001a7  UART_Write                    
00000ce7  UsageFault_Handler            
4000480c  WDTCTL_SYM                    
00000ce7  WDT_A_IRQHandler              
00000cb5  WDT_A_holdTimer               
20010000  __STACK_END                   
00000200  __STACK_SIZE                  
00000800  __SYSMEM_SIZE                 
00000d48  __TI_CINIT_Base               
00000d58  __TI_CINIT_Limit              
00000d34  __TI_Handler_Table_Base       
00000d40  __TI_Handler_Table_Limit      
00000c39  __TI_auto_init_nobinit_nopinit
00000bcf  __TI_decompress_lzss          
00000ccd  __TI_decompress_none          
ffffffff  __TI_pprof_out_hndl           
ffffffff  __TI_prof_data_size           
ffffffff  __TI_prof_data_start          
00000000  __TI_static_base__            
00000ce9  __TI_zero_init                
00000b55  __aeabi_memclr                
00000b55  __aeabi_memclr4               
00000b55  __aeabi_memclr8               
00000a31  __aeabi_memcpy                
00000a31  __aeabi_memcpy4               
00000a31  __aeabi_memcpy8               
00000b57  __aeabi_memset                
00000b57  __aeabi_memset4               
00000b57  __aeabi_memset8               
ffffffff  __binit__                     
ffffffff  __c_args__                    
UNDEFED   __mpu_init                    
2000fe00  __stack                       
00000c7d  _c_int00_noargs               
20001090  _sys_memory                   
UNDEFED   _system_post_cinit            
00000cf5  _system_pre_init              
00000cf9  abort                         
ffffffff  binit                         
00000000  interruptVectors              
00000acd  main                          
00000a31  memcpy                        
00000b5d  memset                        


GLOBAL SYMBOLS: SORTED BY Symbol Address 

address   name                          
-------   ----                          
00000000  __TI_static_base__            
00000000  interruptVectors              
000000e5  UART_Init                     
000001a7  UART_Write                    
000001e3  UART_Read                     
00000200  __STACK_SIZE                  
000002db  UART_Available                
00000313  UART_Flush                    
00000347  EUSCIA1_IRQHandler            
00000347  EUSCIA1_IRQHandler            
000003cd  EUSCIA2_IRQHandler            
000003cd  EUSCIA2_IRQHandler            
00000461  SystemCoreClockUpdate         
000006d5  SystemInit                    
00000789  PrintChar                     
0000079d  PrintString                   
000007bf  PrintInteger                  
00000800  __SYSMEM_SIZE                 
0000084b  MSPrintf                      
00000905  MSPgets                       
000009ad  MSPgets2                      
00000a31  __aeabi_memcpy                
00000a31  __aeabi_memcpy4               
00000a31  __aeabi_memcpy8               
00000a31  memcpy                        
00000acd  main                          
00000b55  __aeabi_memclr                
00000b55  __aeabi_memclr4               
00000b55  __aeabi_memclr8               
00000b57  __aeabi_memset                
00000b57  __aeabi_memset4               
00000b57  __aeabi_memset8               
00000b5d  memset                        
00000bcf  __TI_decompress_lzss          
00000c39  __TI_auto_init_nobinit_nopinit
00000c7d  _c_int00_noargs               
00000cb5  WDT_A_holdTimer               
00000ccd  __TI_decompress_none          
00000cdb  Reset_Handler                 
00000ce7  ADC14_IRQHandler              
00000ce7  AES256_IRQHandler             
00000ce7  BusFault_Handler              
00000ce7  COMP_E0_IRQHandler            
00000ce7  COMP_E1_IRQHandler            
00000ce7  CS_IRQHandler                 
00000ce7  DMA_ERR_IRQHandler            
00000ce7  DMA_INT0_IRQHandler           
00000ce7  DMA_INT1_IRQHandler           
00000ce7  DMA_INT2_IRQHandler           
00000ce7  DMA_INT3_IRQHandler           
00000ce7  DebugMon_Handler              
00000ce7  Default_Handler               
00000ce7  EUSCIA0_IRQHandler            
00000ce7  EUSCIA3_IRQHandler            
00000ce7  EUSCIB0_IRQHandler            
00000ce7  EUSCIB1_IRQHandler            
00000ce7  EUSCIB2_IRQHandler            
00000ce7  EUSCIB3_IRQHandler            
00000ce7  FLCTL_IRQHandler              
00000ce7  FPU_IRQHandler                
00000ce7  HardFault_Handler             
00000ce7  MemManage_Handler             
00000ce7  NMI_Handler                   
00000ce7  PCM_IRQHandler                
00000ce7  PORT1_IRQHandler              
00000ce7  PORT2_IRQHandler              
00000ce7  PORT3_IRQHandler              
00000ce7  PORT4_IRQHandler              
00000ce7  PORT5_IRQHandler              
00000ce7  PORT6_IRQHandler              
00000ce7  PSS_IRQHandler                
00000ce7  PendSV_Handler                
00000ce7  RTC_C_IRQHandler              
00000ce7  SVC_Handler                   
00000ce7  SysTick_Handler               
00000ce7  T32_INT1_IRQHandler           
00000ce7  T32_INT2_IRQHandler           
00000ce7  T32_INTC_IRQHandler           
00000ce7  TA0_0_IRQHandler              
00000ce7  TA0_N_IRQHandler              
00000ce7  TA1_0_IRQHandler              
00000ce7  TA1_N_IRQHandler              
00000ce7  TA2_0_IRQHandler              
00000ce7  TA2_N_IRQHandler              
00000ce7  TA3_0_IRQHandler              
00000ce7  TA3_N_IRQHandler              
00000ce7  UsageFault_Handler            
00000ce7  WDT_A_IRQHandler              
00000ce9  __TI_zero_init                
00000cf5  _system_pre_init              
00000cf9  C$$EXIT                       
00000cf9  abort                         
00000d34  __TI_Handler_Table_Base       
00000d40  __TI_Handler_Table_Limit      
00000d48  __TI_CINIT_Base               
00000d58  __TI_CINIT_Limit              
20000000  UARTA1Data                    
20000800  UARTA2Data                    
20001000  Buffer                        
20001080  UARTA1ReadIndex               
20001084  UARTA1WriteIndex              
20001088  UARTA2ReadIndex               
2000108c  UARTA2WriteIndex              
20001090  _sys_memory                   
20001890  UART2Config                   
200018b4  SystemCoreClock               
2000fe00  __stack                       
20010000  __STACK_END                   
4000480c  WDTCTL_SYM                    
ffffffff  __TI_pprof_out_hndl           
ffffffff  __TI_prof_data_size           
ffffffff  __TI_prof_data_start          
ffffffff  __binit__                     
ffffffff  __c_args__                    
ffffffff  binit                         
UNDEFED   __mpu_init                    
UNDEFED   _system_post_cinit            

[117 symbols]
